// Vitest Snapshot v1, https://vitest.dev/guide/snapshot.html

exports[`App > renders headline 1`] = `
<div>
  <h1>
    Where's Wally
  </h1>
</div>
`;
